Flow report for picorv32_quartus
Mon May 26 23:46:44 2025
Quartus Prime Version 22.1std.0 Build 915 10/25/2022 SC Lite Edition


---------------------
; Table of Contents ;
---------------------
  1. Legal Notice
  2. Flow Summary
  3. Flow Settings
  4. Flow Non-Default Global Settings
  5. Flow Elapsed Time
  6. Flow OS Summary
  7. Flow Log
  8. Flow Messages
  9. Flow Suppressed Messages



----------------
; Legal Notice ;
----------------
Copyright (C) 2022  Intel Corporation. All rights reserved.
Your use of Intel Corporation's design tools, logic functions 
and other software and tools, and any partner logic 
functions, and any output files from any of the foregoing 
(including device programming or simulation files), and any 
associated documentation or information are expressly subject 
to the terms and conditions of the Intel Program License 
Subscription Agreement, the Intel Quartus Prime License Agreement,
the Intel FPGA IP License Agreement, or other applicable license
agreement, including, without limitation, that your use is for
the sole purpose of programming logic devices manufactured by
Intel and sold by Intel or its authorized distributors.  Please
refer to the applicable agreement for further details, at
https://fpgasoftware.intel.com/eula.



+-------------------------------------------------------------------------------------+
; Flow Summary                                                                        ;
+------------------------------------+------------------------------------------------+
; Flow Status                        ; Successful - Mon May 26 23:46:44 2025          ;
; Quartus Prime Version              ; 22.1std.0 Build 915 10/25/2022 SC Lite Edition ;
; Revision Name                      ; picorv32_quartus                               ;
; Top-level Entity Name              ; DE10_SOC                                       ;
; Family                             ; MAX 10                                         ;
; Device                             ; 10M50DAF484C7G                                 ;
; Timing Models                      ; Final                                          ;
; Total logic elements               ; 45,937 / 49,760 ( 92 % )                       ;
;     Total combinational functions  ; 29,320 / 49,760 ( 59 % )                       ;
;     Dedicated logic registers      ; 34,282 / 49,760 ( 69 % )                       ;
; Total registers                    ; 34282                                          ;
; Total pins                         ; 28 / 360 ( 8 % )                               ;
; Total virtual pins                 ; 0                                              ;
; Total memory bits                  ; 71,936 / 1,677,312 ( 4 % )                     ;
; Embedded Multiplier 9-bit elements ; 8 / 288 ( 3 % )                                ;
; Total PLLs                         ; 0 / 4 ( 0 % )                                  ;
; UFM blocks                         ; 0 / 1 ( 0 % )                                  ;
; ADC blocks                         ; 0 / 2 ( 0 % )                                  ;
+------------------------------------+------------------------------------------------+


+-----------------------------------------+
; Flow Settings                           ;
+-------------------+---------------------+
; Option            ; Setting             ;
+-------------------+---------------------+
; Start date & time ; 05/26/2025 23:17:35 ;
; Main task         ; Compilation         ;
; Revision Name     ; picorv32_quartus    ;
+-------------------+---------------------+


+----------------------------------------------------------------------------------------------------------------------------------------------------+
; Flow Non-Default Global Settings                                                                                                                   ;
+--------------------------------------+----------------------------------------+------------------+-------------+-----------------------------------+
; Assignment Name                      ; Value                                  ; Default Value    ; Entity Name ; Section Id                        ;
+--------------------------------------+----------------------------------------+------------------+-------------+-----------------------------------+
; COMPILER_SIGNATURE_ID                ; 162763478686835.174832305522337        ; --               ; --          ; --                                ;
; EDA_DESIGN_INSTANCE_NAME             ; NA                                     ; --               ; --          ; testbench_DE1SOC_picosoc          ;
; EDA_GENERATE_FUNCTIONAL_NETLIST      ; Off                                    ; --               ; --          ; eda_board_design_timing           ;
; EDA_GENERATE_FUNCTIONAL_NETLIST      ; Off                                    ; --               ; --          ; eda_board_design_boundary_scan    ;
; EDA_GENERATE_FUNCTIONAL_NETLIST      ; Off                                    ; --               ; --          ; eda_board_design_signal_integrity ;
; EDA_GENERATE_FUNCTIONAL_NETLIST      ; Off                                    ; --               ; --          ; eda_board_design_symbol           ;
; EDA_NATIVELINK_SIMULATION_TEST_BENCH ; testbench_DE1SOC_picosoc               ; --               ; --          ; eda_simulation                    ;
; EDA_OUTPUT_DATA_FORMAT               ; Verilog Hdl                            ; --               ; --          ; eda_simulation                    ;
; EDA_SIMULATION_TOOL                  ; Questa Intel FPGA (Verilog)            ; <None>           ; --          ; --                                ;
; EDA_TEST_BENCH_ENABLE_STATUS         ; TEST_BENCH_MODE                        ; --               ; --          ; eda_simulation                    ;
; EDA_TEST_BENCH_FILE                  ; ../picosoc/testbench_DE1SOC_picosoc.v  ; --               ; --          ; testbench_DE1SOC_picosoc          ;
; EDA_TEST_BENCH_MODULE_NAME           ; testbench_DE1SOC_picosoc               ; --               ; --          ; testbench_DE1SOC_picosoc          ;
; EDA_TEST_BENCH_NAME                  ; testbench_DE1SOC_picosoc               ; --               ; --          ; eda_simulation                    ;
; EDA_TIME_SCALE                       ; 1 ps                                   ; --               ; --          ; eda_simulation                    ;
; MAX_CORE_JUNCTION_TEMP               ; 85                                     ; --               ; --          ; --                                ;
; MIN_CORE_JUNCTION_TEMP               ; 0                                      ; --               ; --          ; --                                ;
; PARTITION_COLOR                      ; -- (Not supported for targeted family) ; --               ; DE10_SOC    ; Top                               ;
; PARTITION_FITTER_PRESERVATION_LEVEL  ; -- (Not supported for targeted family) ; --               ; DE10_SOC    ; Top                               ;
; PARTITION_NETLIST_TYPE               ; -- (Not supported for targeted family) ; --               ; DE10_SOC    ; Top                               ;
; POWER_BOARD_THERMAL_MODEL            ; None (CONSERVATIVE)                    ; --               ; --          ; --                                ;
; POWER_PRESET_COOLING_SOLUTION        ; 23 MM HEAT SINK WITH 200 LFPM AIRFLOW  ; --               ; --          ; --                                ;
; PROJECT_OUTPUT_DIRECTORY             ; output_files                           ; --               ; --          ; --                                ;
; TOP_LEVEL_ENTITY                     ; DE10_SOC                               ; picorv32_quartus ; --          ; --                                ;
; VERILOG_SHOW_LMF_MAPPING_MESSAGES    ; Off                                    ; --               ; --          ; --                                ;
+--------------------------------------+----------------------------------------+------------------+-------------+-----------------------------------+


+--------------------------------------------------------------------------------------------------------------------------+
; Flow Elapsed Time                                                                                                        ;
+----------------------+--------------+-------------------------+---------------------+------------------------------------+
; Module Name          ; Elapsed Time ; Average Processors Used ; Peak Virtual Memory ; Total CPU Time (on all processors) ;
+----------------------+--------------+-------------------------+---------------------+------------------------------------+
; Analysis & Synthesis ; 00:02:16     ; 1.0                     ; 725 MB              ; 00:02:29                           ;
; Fitter               ; 00:25:02     ; 1.2                     ; 1732 MB             ; 00:42:06                           ;
; Assembler            ; 00:00:08     ; 1.0                     ; 551 MB              ; 00:00:08                           ;
; Timing Analyzer      ; 00:01:02     ; 3.0                     ; 1009 MB             ; 00:02:31                           ;
; EDA Netlist Writer   ; 00:00:12     ; 1.0                     ; 827 MB              ; 00:00:12                           ;
; Total                ; 00:28:40     ; --                      ; --                  ; 00:47:26                           ;
+----------------------+--------------+-------------------------+---------------------+------------------------------------+


+----------------------------------------------------------------------------------------+
; Flow OS Summary                                                                        ;
+----------------------+------------------+----------------+------------+----------------+
; Module Name          ; Machine Hostname ; OS Name        ; OS Version ; Processor type ;
+----------------------+------------------+----------------+------------+----------------+
; Analysis & Synthesis ; tonix            ; Ubuntu 24.04.2 ; 24         ; x86_64         ;
; Fitter               ; tonix            ; Ubuntu 24.04.2 ; 24         ; x86_64         ;
; Assembler            ; tonix            ; Ubuntu 24.04.2 ; 24         ; x86_64         ;
; Timing Analyzer      ; tonix            ; Ubuntu 24.04.2 ; 24         ; x86_64         ;
; EDA Netlist Writer   ; tonix            ; Ubuntu 24.04.2 ; 24         ; x86_64         ;
+----------------------+------------------+----------------+------------+----------------+


------------
; Flow Log ;
------------
quartus_map --read_settings_files=on --write_settings_files=off picorv32_quartus -c picorv32_quartus
quartus_fit --read_settings_files=off --write_settings_files=off picorv32_quartus -c picorv32_quartus
quartus_asm --read_settings_files=off --write_settings_files=off picorv32_quartus -c picorv32_quartus
quartus_sta picorv32_quartus -c picorv32_quartus
quartus_eda --read_settings_files=off --write_settings_files=off picorv32_quartus -c picorv32_quartus



